OUTPUT=30
OUTPUT=39
OUTPUT=39
OUTPUT=31
OUTPUT=31
OUTPUT=32
OUTPUT=33
OUTPUT=34
OUTPUT=35
OUTPUT=36
OUTPUT=37
OUTPUT=38
OUTPUT=39
OUTPUT=30
OUTPUT=31
OUTPUT=32
OUTPUT=2d
OUTPUT=2d
OUTPUT=2d
OUTPUT=20
OUTPUT=4f
OUTPUT=4b
OUTPUT=3a
OUTPUT=20
OUTPUT=22
OUTPUT=63
OUTPUT=6f
OUTPUT=6e
OUTPUT=64
OUTPUT=69
OUTPUT=74
OUTPUT=69
OUTPUT=6f
OUTPUT=6e
OUTPUT=20
OUTPUT=61
OUTPUT=74
OUTPUT=20
OUTPUT=3c
OUTPUT=66
OUTPUT=69
OUTPUT=6c
OUTPUT=65
OUTPUT=6e
OUTPUT=61
OUTPUT=6d
OUTPUT=65
OUTPUT=3e
OUTPUT=3a
OUTPUT=39
OUTPUT=39
OUTPUT=0a
